// Jest Snapshot v1, https://goo.gl/fbAQLP

exports[`Social buttons should renders correctly 1`] = `
<div>
  <div
    class="css-vetxw3"
  >
    <div
      class="css-x988sr"
    >
      <div>
        https://in.linkedin.com/in/amitrai1603
      </div>
    </div>
    <div
      class="css-x988sr"
    >
      <div>
        https://github.com/onemanfighter
      </div>
    </div>
    <div
      class="css-x988sr"
    >
      <div>
        https://github.com/raikwaramit
      </div>
    </div>
    <div
      class="css-x988sr"
    >
      <div>
        https://amitraikwar.medium.com/
      </div>
    </div>
  </div>
</div>
`;
