// Jest Snapshot v1, https://goo.gl/fbAQLP

exports[`TypeWriterText should renders correctly 1`] = `
<div>
  <div />
</div>
`;

exports[`TypeWriterText should renders correctly with empty text 1`] = `
<div>
  <div />
</div>
`;

exports[`TypeWriterText should renders correctly with empty textSequence 1`] = `
<div>
  <div />
</div>
`;
